// Jest Snapshot v1, https://goo.gl/fbAQLP

exports[`<Edit /> renders correctly 1`] = `
ShallowWrapper {
  "length": 1,
  Symbol(enzyme.__root__): [Circular],
  Symbol(enzyme.__unrendered__): <EditModal
    isOpen={true}
    meal={Object {}}
    onChange={[Function]}
    setLoading={[Function]}
    toggle={[Function]}
/>,
  Symbol(enzyme.__renderer__): Object {
    "batchedUpdates": [Function],
    "getNode": [Function],
    "render": [Function],
    "simulateEvent": [Function],
    "unmount": [Function],
  },
  Symbol(enzyme.__node__): Object {
    "instance": null,
    "key": undefined,
    "nodeType": "function",
    "props": Object {
      "body": <div>
        <ImageInput
                onImageAdded={[Function]}
                onImageRemoved={[Function]}
                onPrefillRemoved={[Function]}
                prefill={undefined}
        />
        <div
                className="pl-4 pr-4"
        >
                <label>
                         Name 
                </label>
                <Input
                        defaultValue={undefined}
                        name="name"
                        onChange={[Function]}
                        type="text"
                />
                <label>
                         Cost 
                </label>
                <Input
                        defaultValue={undefined}
                        name="cost"
                        onChange={[Function]}
                        type="number"
                />
        </div>
</div>,
      "footer": <Button
        className="m-auto"
        color="primary"
        onClick={[Function]}
        tag="button"
>
        Update Meal
</Button>,
      "isOpen": true,
      "onOpened": [Function],
      "title": "Edit Meal",
      "toggle": [Function],
    },
    "ref": null,
    "rendered": null,
    "type": [Function],
  },
  Symbol(enzyme.__nodes__): Array [
    Object {
      "instance": null,
      "key": undefined,
      "nodeType": "function",
      "props": Object {
        "body": <div>
          <ImageInput
                    onImageAdded={[Function]}
                    onImageRemoved={[Function]}
                    onPrefillRemoved={[Function]}
                    prefill={undefined}
          />
          <div
                    className="pl-4 pr-4"
          >
                    <label>
                               Name 
                    </label>
                    <Input
                              defaultValue={undefined}
                              name="name"
                              onChange={[Function]}
                              type="text"
                    />
                    <label>
                               Cost 
                    </label>
                    <Input
                              defaultValue={undefined}
                              name="cost"
                              onChange={[Function]}
                              type="number"
                    />
          </div>
</div>,
        "footer": <Button
          className="m-auto"
          color="primary"
          onClick={[Function]}
          tag="button"
>
          Update Meal
</Button>,
        "isOpen": true,
        "onOpened": [Function],
        "title": "Edit Meal",
        "toggle": [Function],
      },
      "ref": null,
      "rendered": null,
      "type": [Function],
    },
  ],
  Symbol(enzyme.__options__): Object {
    "adapter": ReactSixteenAdapter {
      "options": Object {
        "enableComponentDidUpdateOnSetState": true,
      },
    },
  },
}
`;