// Jest Snapshot v1, https://goo.gl/fbAQLP

exports[`<RequestPasswordReset /> renders correctly 1`] = `
ShallowWrapper {
  "length": 1,
  Symbol(enzyme.__root__): [Circular],
  Symbol(enzyme.__unrendered__): <RequestPasswordReset />,
  Symbol(enzyme.__renderer__): Object {
    "batchedUpdates": [Function],
    "getNode": [Function],
    "render": [Function],
    "simulateEvent": [Function],
    "unmount": [Function],
  },
  Symbol(enzyme.__node__): Object {
    "instance": null,
    "key": undefined,
    "nodeType": "function",
    "props": Object {
      "children": <form
        className="col-12 col-md-6 offset-md-3 col-lg-4 offset-lg-4 card"
        onSubmit={[Function]}
>
        <h5
                className="text-center mb-3 mt-4"
        >
                Request Password Reset
        </h5>
        <label>
                Account Email Address
        </label>
        <input
                className="form-control"
                name="email"
                onChange={[Function]}
                type="email"
        />
        <Button
                className="btn btn-primary mt-2 mb-4"
                color="secondary"
                disabled={undefined}
                tag="button"
        >
                Reset
        </Button>
</form>,
      "loading": undefined,
      "styles": Object {
        "height": "100vh",
        "minHeight": "500px",
      },
    },
    "ref": null,
    "rendered": Object {
      "instance": null,
      "key": undefined,
      "nodeType": "host",
      "props": Object {
        "children": Array [
          <h5
            className="text-center mb-3 mt-4"
>
            Request Password Reset
</h5>,
          undefined,
          undefined,
          <label>
            Account Email Address
</label>,
          <input
            className="form-control"
            name="email"
            onChange={[Function]}
            type="email"
/>,
          <Button
            className="btn btn-primary mt-2 mb-4"
            color="secondary"
            disabled={undefined}
            tag="button"
>
            Reset
</Button>,
        ],
        "className": "col-12 col-md-6 offset-md-3 col-lg-4 offset-lg-4 card",
        "onSubmit": [Function],
      },
      "ref": null,
      "rendered": Array [
        Object {
          "instance": null,
          "key": undefined,
          "nodeType": "host",
          "props": Object {
            "children": "Request Password Reset",
            "className": "text-center mb-3 mt-4",
          },
          "ref": null,
          "rendered": "Request Password Reset",
          "type": "h5",
        },
        undefined,
        undefined,
        Object {
          "instance": null,
          "key": undefined,
          "nodeType": "host",
          "props": Object {
            "children": "Account Email Address",
          },
          "ref": null,
          "rendered": "Account Email Address",
          "type": "label",
        },
        Object {
          "instance": null,
          "key": undefined,
          "nodeType": "host",
          "props": Object {
            "className": "form-control",
            "name": "email",
            "onChange": [Function],
            "type": "email",
          },
          "ref": null,
          "rendered": null,
          "type": "input",
        },
        Object {
          "instance": null,
          "key": undefined,
          "nodeType": "class",
          "props": Object {
            "children": "Reset",
            "className": "btn btn-primary mt-2 mb-4",
            "color": "secondary",
            "disabled": undefined,
            "tag": "button",
          },
          "ref": null,
          "rendered": "Reset",
          "type": [Function],
        },
      ],
      "type": "form",
    },
    "type": [Function],
  },
  Symbol(enzyme.__nodes__): Array [
    Object {
      "instance": null,
      "key": undefined,
      "nodeType": "function",
      "props": Object {
        "children": <form
          className="col-12 col-md-6 offset-md-3 col-lg-4 offset-lg-4 card"
          onSubmit={[Function]}
>
          <h5
                    className="text-center mb-3 mt-4"
          >
                    Request Password Reset
          </h5>
          <label>
                    Account Email Address
          </label>
          <input
                    className="form-control"
                    name="email"
                    onChange={[Function]}
                    type="email"
          />
          <Button
                    className="btn btn-primary mt-2 mb-4"
                    color="secondary"
                    disabled={undefined}
                    tag="button"
          >
                    Reset
          </Button>
</form>,
        "loading": undefined,
        "styles": Object {
          "height": "100vh",
          "minHeight": "500px",
        },
      },
      "ref": null,
      "rendered": Object {
        "instance": null,
        "key": undefined,
        "nodeType": "host",
        "props": Object {
          "children": Array [
            <h5
              className="text-center mb-3 mt-4"
>
              Request Password Reset
</h5>,
            undefined,
            undefined,
            <label>
              Account Email Address
</label>,
            <input
              className="form-control"
              name="email"
              onChange={[Function]}
              type="email"
/>,
            <Button
              className="btn btn-primary mt-2 mb-4"
              color="secondary"
              disabled={undefined}
              tag="button"
>
              Reset
</Button>,
          ],
          "className": "col-12 col-md-6 offset-md-3 col-lg-4 offset-lg-4 card",
          "onSubmit": [Function],
        },
        "ref": null,
        "rendered": Array [
          Object {
            "instance": null,
            "key": undefined,
            "nodeType": "host",
            "props": Object {
              "children": "Request Password Reset",
              "className": "text-center mb-3 mt-4",
            },
            "ref": null,
            "rendered": "Request Password Reset",
            "type": "h5",
          },
          undefined,
          undefined,
          Object {
            "instance": null,
            "key": undefined,
            "nodeType": "host",
            "props": Object {
              "children": "Account Email Address",
            },
            "ref": null,
            "rendered": "Account Email Address",
            "type": "label",
          },
          Object {
            "instance": null,
            "key": undefined,
            "nodeType": "host",
            "props": Object {
              "className": "form-control",
              "name": "email",
              "onChange": [Function],
              "type": "email",
            },
            "ref": null,
            "rendered": null,
            "type": "input",
          },
          Object {
            "instance": null,
            "key": undefined,
            "nodeType": "class",
            "props": Object {
              "children": "Reset",
              "className": "btn btn-primary mt-2 mb-4",
              "color": "secondary",
              "disabled": undefined,
              "tag": "button",
            },
            "ref": null,
            "rendered": "Reset",
            "type": [Function],
          },
        ],
        "type": "form",
      },
      "type": [Function],
    },
  ],
  Symbol(enzyme.__options__): Object {
    "adapter": ReactSixteenAdapter {
      "options": Object {
        "enableComponentDidUpdateOnSetState": true,
      },
    },
  },
}
`;