// Jest Snapshot v1, https://goo.gl/fbAQLP

exports[`<Users /> renders correctly 1`] = `
ShallowWrapper {
  "length": 1,
  Symbol(enzyme.__root__): [Circular],
  Symbol(enzyme.__unrendered__): <Users
    isOpen={false}
    setLoading={[Function]}
    toggle={[Function]}
    toggleMenu={[Function]}
/>,
  Symbol(enzyme.__renderer__): Object {
    "batchedUpdates": [Function],
    "getNode": [Function],
    "render": [Function],
    "simulateEvent": [Function],
    "unmount": [Function],
  },
  Symbol(enzyme.__node__): Object {
    "instance": null,
    "key": undefined,
    "nodeType": "function",
    "props": Object {
      "children": Array [
        undefined,
        <UsersTable
          data={Object {}}
          onNext={[Function]}
          onPrev={[Function]}
          onToggle={[Function]}
          pageInfo={undefined}
/>,
        <ManageModal
          isOpen={undefined}
          onChange={[Function]}
          setLoading={[Function]}
          toggle={[Function]}
          toggleMenu={[Function]}
          user={undefined}
/>,
      ],
      "contentFilter": <Filter
        onFilter={[Function]}
/>,
      "contentTop": <div
        className="col-12 mb-2 pr-0 pr-sm-2"
>
        <h5
                className="d-inline-block"
        >
                Manage Users
        </h5>
</div>,
      "isOpen": false,
      "setLoading": [Function],
      "toggle": [Function],
      "toggleMenu": [Function],
    },
    "ref": null,
    "rendered": Array [
      undefined,
      Object {
        "instance": null,
        "key": undefined,
        "nodeType": "class",
        "props": Object {
          "data": Object {},
          "onNext": [Function],
          "onPrev": [Function],
          "onToggle": [Function],
          "pageInfo": undefined,
        },
        "ref": null,
        "rendered": null,
        "type": [Function],
      },
      Object {
        "instance": null,
        "key": undefined,
        "nodeType": "class",
        "props": Object {
          "isOpen": undefined,
          "onChange": [Function],
          "setLoading": [Function],
          "toggle": [Function],
          "toggleMenu": [Function],
          "user": undefined,
        },
        "ref": null,
        "rendered": null,
        "type": [Function],
      },
    ],
    "type": [Function],
  },
  Symbol(enzyme.__nodes__): Array [
    Object {
      "instance": null,
      "key": undefined,
      "nodeType": "function",
      "props": Object {
        "children": Array [
          undefined,
          <UsersTable
            data={Object {}}
            onNext={[Function]}
            onPrev={[Function]}
            onToggle={[Function]}
            pageInfo={undefined}
/>,
          <ManageModal
            isOpen={undefined}
            onChange={[Function]}
            setLoading={[Function]}
            toggle={[Function]}
            toggleMenu={[Function]}
            user={undefined}
/>,
        ],
        "contentFilter": <Filter
          onFilter={[Function]}
/>,
        "contentTop": <div
          className="col-12 mb-2 pr-0 pr-sm-2"
>
          <h5
                    className="d-inline-block"
          >
                    Manage Users
          </h5>
</div>,
        "isOpen": false,
        "setLoading": [Function],
        "toggle": [Function],
        "toggleMenu": [Function],
      },
      "ref": null,
      "rendered": Array [
        undefined,
        Object {
          "instance": null,
          "key": undefined,
          "nodeType": "class",
          "props": Object {
            "data": Object {},
            "onNext": [Function],
            "onPrev": [Function],
            "onToggle": [Function],
            "pageInfo": undefined,
          },
          "ref": null,
          "rendered": null,
          "type": [Function],
        },
        Object {
          "instance": null,
          "key": undefined,
          "nodeType": "class",
          "props": Object {
            "isOpen": undefined,
            "onChange": [Function],
            "setLoading": [Function],
            "toggle": [Function],
            "toggleMenu": [Function],
            "user": undefined,
          },
          "ref": null,
          "rendered": null,
          "type": [Function],
        },
      ],
      "type": [Function],
    },
  ],
  Symbol(enzyme.__options__): Object {
    "adapter": ReactSixteenAdapter {
      "options": Object {
        "enableComponentDidUpdateOnSetState": true,
      },
    },
  },
}
`;