// Jest Snapshot v1, https://goo.gl/fbAQLP

exports[`<Meals /> renders correctly 1`] = `
ShallowWrapper {
  "length": 1,
  Symbol(enzyme.__root__): [Circular],
  Symbol(enzyme.__unrendered__): <Meals
    setLoading={[Function]}
    toggleMenu={[Function]}
/>,
  Symbol(enzyme.__renderer__): Object {
    "batchedUpdates": [Function],
    "getNode": [Function],
    "render": [Function],
    "simulateEvent": [Function],
    "unmount": [Function],
  },
  Symbol(enzyme.__node__): Object {
    "instance": null,
    "key": undefined,
    "nodeType": "function",
    "props": Object {
      "children": Array [
        undefined,
        <MealsTable
          data={Object {}}
          onNext={[Function]}
          onPrev={[Function]}
          pageInfo={undefined}
          toggleDelete={[Function]}
          toggleEdit={[Function]}
/>,
        <CreateModal
          isOpen={false}
          onChange={[Function]}
          setLoading={[Function]}
          toggle={[Function]}
          toggleMenu={[Function]}
/>,
        <EditModal
          isOpen={false}
          meal={Object {}}
          onChange={[Function]}
          setLoading={[Function]}
          toggle={[Function]}
          toggleMenu={[Function]}
/>,
        <DeleteModal
          isOpen={false}
          meal={Object {}}
          onChange={[Function]}
          setLoading={[Function]}
          toggle={[Function]}
          toggleMenu={[Function]}
/>,
      ],
      "contentFilter": <Filter
        onFilter={[Function]}
/>,
      "contentTop": <div
        className="col-12 mb-2 pr-0 pr-sm-2"
>
        <h5
                className="d-inline-block"
        >
                Manage Meals
        </h5>
        <button
                className="btn btn-secondary float-right"
                onClick={[Function]}
        >
                Add New
        </button>
</div>,
      "setLoading": [Function],
      "toggleMenu": [Function],
    },
    "ref": null,
    "rendered": Array [
      undefined,
      Object {
        "instance": null,
        "key": undefined,
        "nodeType": "class",
        "props": Object {
          "data": Object {},
          "onNext": [Function],
          "onPrev": [Function],
          "pageInfo": undefined,
          "toggleDelete": [Function],
          "toggleEdit": [Function],
        },
        "ref": null,
        "rendered": null,
        "type": [Function],
      },
      Object {
        "instance": null,
        "key": undefined,
        "nodeType": "class",
        "props": Object {
          "isOpen": false,
          "onChange": [Function],
          "setLoading": [Function],
          "toggle": [Function],
          "toggleMenu": [Function],
        },
        "ref": null,
        "rendered": null,
        "type": [Function],
      },
      Object {
        "instance": null,
        "key": undefined,
        "nodeType": "class",
        "props": Object {
          "isOpen": false,
          "meal": Object {},
          "onChange": [Function],
          "setLoading": [Function],
          "toggle": [Function],
          "toggleMenu": [Function],
        },
        "ref": null,
        "rendered": null,
        "type": [Function],
      },
      Object {
        "instance": null,
        "key": undefined,
        "nodeType": "class",
        "props": Object {
          "isOpen": false,
          "meal": Object {},
          "onChange": [Function],
          "setLoading": [Function],
          "toggle": [Function],
          "toggleMenu": [Function],
        },
        "ref": null,
        "rendered": null,
        "type": [Function],
      },
    ],
    "type": [Function],
  },
  Symbol(enzyme.__nodes__): Array [
    Object {
      "instance": null,
      "key": undefined,
      "nodeType": "function",
      "props": Object {
        "children": Array [
          undefined,
          <MealsTable
            data={Object {}}
            onNext={[Function]}
            onPrev={[Function]}
            pageInfo={undefined}
            toggleDelete={[Function]}
            toggleEdit={[Function]}
/>,
          <CreateModal
            isOpen={false}
            onChange={[Function]}
            setLoading={[Function]}
            toggle={[Function]}
            toggleMenu={[Function]}
/>,
          <EditModal
            isOpen={false}
            meal={Object {}}
            onChange={[Function]}
            setLoading={[Function]}
            toggle={[Function]}
            toggleMenu={[Function]}
/>,
          <DeleteModal
            isOpen={false}
            meal={Object {}}
            onChange={[Function]}
            setLoading={[Function]}
            toggle={[Function]}
            toggleMenu={[Function]}
/>,
        ],
        "contentFilter": <Filter
          onFilter={[Function]}
/>,
        "contentTop": <div
          className="col-12 mb-2 pr-0 pr-sm-2"
>
          <h5
                    className="d-inline-block"
          >
                    Manage Meals
          </h5>
          <button
                    className="btn btn-secondary float-right"
                    onClick={[Function]}
          >
                    Add New
          </button>
</div>,
        "setLoading": [Function],
        "toggleMenu": [Function],
      },
      "ref": null,
      "rendered": Array [
        undefined,
        Object {
          "instance": null,
          "key": undefined,
          "nodeType": "class",
          "props": Object {
            "data": Object {},
            "onNext": [Function],
            "onPrev": [Function],
            "pageInfo": undefined,
            "toggleDelete": [Function],
            "toggleEdit": [Function],
          },
          "ref": null,
          "rendered": null,
          "type": [Function],
        },
        Object {
          "instance": null,
          "key": undefined,
          "nodeType": "class",
          "props": Object {
            "isOpen": false,
            "onChange": [Function],
            "setLoading": [Function],
            "toggle": [Function],
            "toggleMenu": [Function],
          },
          "ref": null,
          "rendered": null,
          "type": [Function],
        },
        Object {
          "instance": null,
          "key": undefined,
          "nodeType": "class",
          "props": Object {
            "isOpen": false,
            "meal": Object {},
            "onChange": [Function],
            "setLoading": [Function],
            "toggle": [Function],
            "toggleMenu": [Function],
          },
          "ref": null,
          "rendered": null,
          "type": [Function],
        },
        Object {
          "instance": null,
          "key": undefined,
          "nodeType": "class",
          "props": Object {
            "isOpen": false,
            "meal": Object {},
            "onChange": [Function],
            "setLoading": [Function],
            "toggle": [Function],
            "toggleMenu": [Function],
          },
          "ref": null,
          "rendered": null,
          "type": [Function],
        },
      ],
      "type": [Function],
    },
  ],
  Symbol(enzyme.__options__): Object {
    "adapter": ReactSixteenAdapter {
      "options": Object {
        "enableComponentDidUpdateOnSetState": true,
      },
    },
  },
}
`;