// Jest Snapshot v1, https://goo.gl/fbAQLP

exports[`<Notifications /> renders correctly 1`] = `
ShallowWrapper {
  "length": 1,
  Symbol(enzyme.__root__): [Circular],
  Symbol(enzyme.__unrendered__): <Notifications
    setLoading={[Function]}
    toggleMenu={[Function]}
/>,
  Symbol(enzyme.__renderer__): Object {
    "batchedUpdates": [Function],
    "getNode": [Function],
    "render": [Function],
    "simulateEvent": [Function],
    "unmount": [Function],
  },
  Symbol(enzyme.__node__): Object {
    "instance": null,
    "key": undefined,
    "nodeType": "function",
    "props": Object {
      "children": Array [
        undefined,
        <div
          className="row"
>
          
</div>,
        <p
          className="text-center"
>
          You have no notifications for now.
</p>,
        <ClearModal
          isOpen={undefined}
          onChange={[Function]}
          setLoading={[Function]}
          toggle={[Function]}
          toggleMenu={[Function]}
/>,
        false,
      ],
      "contentFilter": <Filter
        onFilter={[Function]}
/>,
      "contentTop": <div
        className="col-12 mb-2 pr-0 pr-sm-2"
>
        <h5
                className="d-inline-block"
        >
                Notifications
        </h5>
        <button
                className="btn btn-secondary float-right"
                onClick={[Function]}
        >
                Clear All
        </button>
</div>,
      "setLoading": [Function],
      "toggleMenu": [Function],
    },
    "ref": null,
    "rendered": Array [
      undefined,
      Object {
        "instance": null,
        "key": undefined,
        "nodeType": "host",
        "props": Object {
          "children": Array [],
          "className": "row",
        },
        "ref": null,
        "rendered": Array [],
        "type": "div",
      },
      Object {
        "instance": null,
        "key": undefined,
        "nodeType": "host",
        "props": Object {
          "children": "You have no notifications for now.",
          "className": "text-center",
        },
        "ref": null,
        "rendered": "You have no notifications for now.",
        "type": "p",
      },
      Object {
        "instance": null,
        "key": undefined,
        "nodeType": "class",
        "props": Object {
          "isOpen": undefined,
          "onChange": [Function],
          "setLoading": [Function],
          "toggle": [Function],
          "toggleMenu": [Function],
        },
        "ref": null,
        "rendered": null,
        "type": [Function],
      },
      false,
    ],
    "type": [Function],
  },
  Symbol(enzyme.__nodes__): Array [
    Object {
      "instance": null,
      "key": undefined,
      "nodeType": "function",
      "props": Object {
        "children": Array [
          undefined,
          <div
            className="row"
>
            
</div>,
          <p
            className="text-center"
>
            You have no notifications for now.
</p>,
          <ClearModal
            isOpen={undefined}
            onChange={[Function]}
            setLoading={[Function]}
            toggle={[Function]}
            toggleMenu={[Function]}
/>,
          false,
        ],
        "contentFilter": <Filter
          onFilter={[Function]}
/>,
        "contentTop": <div
          className="col-12 mb-2 pr-0 pr-sm-2"
>
          <h5
                    className="d-inline-block"
          >
                    Notifications
          </h5>
          <button
                    className="btn btn-secondary float-right"
                    onClick={[Function]}
          >
                    Clear All
          </button>
</div>,
        "setLoading": [Function],
        "toggleMenu": [Function],
      },
      "ref": null,
      "rendered": Array [
        undefined,
        Object {
          "instance": null,
          "key": undefined,
          "nodeType": "host",
          "props": Object {
            "children": Array [],
            "className": "row",
          },
          "ref": null,
          "rendered": Array [],
          "type": "div",
        },
        Object {
          "instance": null,
          "key": undefined,
          "nodeType": "host",
          "props": Object {
            "children": "You have no notifications for now.",
            "className": "text-center",
          },
          "ref": null,
          "rendered": "You have no notifications for now.",
          "type": "p",
        },
        Object {
          "instance": null,
          "key": undefined,
          "nodeType": "class",
          "props": Object {
            "isOpen": undefined,
            "onChange": [Function],
            "setLoading": [Function],
            "toggle": [Function],
            "toggleMenu": [Function],
          },
          "ref": null,
          "rendered": null,
          "type": [Function],
        },
        false,
      ],
      "type": [Function],
    },
  ],
  Symbol(enzyme.__options__): Object {
    "adapter": ReactSixteenAdapter {
      "options": Object {
        "enableComponentDidUpdateOnSetState": true,
      },
    },
  },
}
`;