// Jest Snapshot v1, https://goo.gl/fbAQLP

exports[`<Delete /> renders correctly 1`] = `
ShallowWrapper {
  "length": 1,
  Symbol(enzyme.__root__): [Circular],
  Symbol(enzyme.__unrendered__): <DeleteModal
    isOpen={false}
    meal={Object {}}
    onChange={[Function]}
    toggle={[Function]}
/>,
  Symbol(enzyme.__renderer__): Object {
    "batchedUpdates": [Function],
    "getNode": [Function],
    "render": [Function],
    "simulateEvent": [Function],
    "unmount": [Function],
  },
  Symbol(enzyme.__node__): Object {
    "instance": null,
    "key": undefined,
    "nodeType": "function",
    "props": Object {
      "body": <div>
        <p
                className="text-center"
        >
                Delete this meal (
                <b />
                )?
        </p>
</div>,
      "footer": <Button
        className="m-auto"
        color="danger"
        onClick={[Function]}
        tag="button"
>
        Delete
</Button>,
      "isOpen": false,
      "onOpened": [Function],
      "title": "Delete Meal",
      "toggle": [Function],
    },
    "ref": null,
    "rendered": null,
    "type": [Function],
  },
  Symbol(enzyme.__nodes__): Array [
    Object {
      "instance": null,
      "key": undefined,
      "nodeType": "function",
      "props": Object {
        "body": <div>
          <p
                    className="text-center"
          >
                    Delete this meal (
                    <b />
                    )?
          </p>
</div>,
        "footer": <Button
          className="m-auto"
          color="danger"
          onClick={[Function]}
          tag="button"
>
          Delete
</Button>,
        "isOpen": false,
        "onOpened": [Function],
        "title": "Delete Meal",
        "toggle": [Function],
      },
      "ref": null,
      "rendered": null,
      "type": [Function],
    },
  ],
  Symbol(enzyme.__options__): Object {
    "adapter": ReactSixteenAdapter {
      "options": Object {
        "enableComponentDidUpdateOnSetState": true,
      },
    },
  },
}
`;