// Jest Snapshot v1, https://goo.gl/fbAQLP

exports[`<Header /> renders correctly 1`] = `
ShallowWrapper {
  "length": 1,
  Symbol(enzyme.__root__): [Circular],
  Symbol(enzyme.__unrendered__): <Header />,
  Symbol(enzyme.__renderer__): Object {
    "batchedUpdates": [Function],
    "getNode": [Function],
    "render": [Function],
    "simulateEvent": [Function],
    "unmount": [Function],
  },
  Symbol(enzyme.__node__): Object {
    "instance": null,
    "key": undefined,
    "nodeType": "host",
    "props": Object {
      "children": <nav
        className="container"
>
        <div
                className="row pt-md-5 pt-0"
        >
                <div
                        className="col-12 col-md-8 offset-md-2 pt-0"
                >
                        <h1
                                className="animated fadeInUp logo text-flav pb-md-3"
                        >
                                BAM!
                        </h1>
                        <h3
                                className="animated fadeInDown text-flav mb-md-4"
                                id="slogan"
                        >
                                <ReactTyped
                                        backSpeed={40}
                                        showCursor={false}
                                        startDelay={200}
                                        strings={
                                                Array [
                                                        "Welcome to yummy stuff!",
                                                        "Welcome to where food lives!",
                                                        "Welcome to book a meal.",
                                                      ]
                                        }
                                        typeSpeed={50}
                                />
                        </h3>
                </div>
        </div>
        <div
                className="row mt-md-2 mt-2"
        >
                <div
                        className="col-6"
                >
                        <Link
                                className="animated fadeInLeft btn btn-primary btn-lg float-right"
                                replace={false}
                                to="/sign-up"
                        >
                                Sign Up
                        </Link>
                </div>
                <div
                        className="col-6"
                >
                        <Link
                                className="animated fadeInRight btn btn-primary btn-lg float-left"
                                replace={false}
                                to="/login"
                        >
                                Log In
                        </Link>
                </div>
        </div>
</nav>,
      "className": "welcome",
    },
    "ref": null,
    "rendered": Object {
      "instance": null,
      "key": undefined,
      "nodeType": "host",
      "props": Object {
        "children": Array [
          <div
            className="row pt-md-5 pt-0"
>
            <div
                        className="col-12 col-md-8 offset-md-2 pt-0"
            >
                        <h1
                                    className="animated fadeInUp logo text-flav pb-md-3"
                        >
                                    BAM!
                        </h1>
                        <h3
                                    className="animated fadeInDown text-flav mb-md-4"
                                    id="slogan"
                        >
                                    <ReactTyped
                                                backSpeed={40}
                                                showCursor={false}
                                                startDelay={200}
                                                strings={
                                                            Array [
                                                                        "Welcome to yummy stuff!",
                                                                        "Welcome to where food lives!",
                                                                        "Welcome to book a meal.",
                                                                      ]
                                                }
                                                typeSpeed={50}
                                    />
                        </h3>
            </div>
</div>,
          <div
            className="row mt-md-2 mt-2"
>
            <div
                        className="col-6"
            >
                        <Link
                                    className="animated fadeInLeft btn btn-primary btn-lg float-right"
                                    replace={false}
                                    to="/sign-up"
                        >
                                    Sign Up
                        </Link>
            </div>
            <div
                        className="col-6"
            >
                        <Link
                                    className="animated fadeInRight btn btn-primary btn-lg float-left"
                                    replace={false}
                                    to="/login"
                        >
                                    Log In
                        </Link>
            </div>
</div>,
        ],
        "className": "container",
      },
      "ref": null,
      "rendered": Array [
        Object {
          "instance": null,
          "key": undefined,
          "nodeType": "host",
          "props": Object {
            "children": <div
              className="col-12 col-md-8 offset-md-2 pt-0"
>
              <h1
                            className="animated fadeInUp logo text-flav pb-md-3"
              >
                            BAM!
              </h1>
              <h3
                            className="animated fadeInDown text-flav mb-md-4"
                            id="slogan"
              >
                            <ReactTyped
                                          backSpeed={40}
                                          showCursor={false}
                                          startDelay={200}
                                          strings={
                                                        Array [
                                                                      "Welcome to yummy stuff!",
                                                                      "Welcome to where food lives!",
                                                                      "Welcome to book a meal.",
                                                                    ]
                                          }
                                          typeSpeed={50}
                            />
              </h3>
</div>,
            "className": "row pt-md-5 pt-0",
          },
          "ref": null,
          "rendered": Object {
            "instance": null,
            "key": undefined,
            "nodeType": "host",
            "props": Object {
              "children": Array [
                <h1
                  className="animated fadeInUp logo text-flav pb-md-3"
>
                  BAM!
</h1>,
                <h3
                  className="animated fadeInDown text-flav mb-md-4"
                  id="slogan"
>
                  <ReactTyped
                                    backSpeed={40}
                                    showCursor={false}
                                    startDelay={200}
                                    strings={
                                                      Array [
                                                                        "Welcome to yummy stuff!",
                                                                        "Welcome to where food lives!",
                                                                        "Welcome to book a meal.",
                                                                      ]
                                    }
                                    typeSpeed={50}
                  />
</h3>,
              ],
              "className": "col-12 col-md-8 offset-md-2 pt-0",
            },
            "ref": null,
            "rendered": Array [
              Object {
                "instance": null,
                "key": undefined,
                "nodeType": "host",
                "props": Object {
                  "children": "BAM!",
                  "className": "animated fadeInUp logo text-flav pb-md-3",
                },
                "ref": null,
                "rendered": "BAM!",
                "type": "h1",
              },
              Object {
                "instance": null,
                "key": undefined,
                "nodeType": "host",
                "props": Object {
                  "children": <ReactTyped
                    backSpeed={40}
                    showCursor={false}
                    startDelay={200}
                    strings={
                                        Array [
                                                            "Welcome to yummy stuff!",
                                                            "Welcome to where food lives!",
                                                            "Welcome to book a meal.",
                                                          ]
                    }
                    typeSpeed={50}
/>,
                  "className": "animated fadeInDown text-flav mb-md-4",
                  "id": "slogan",
                },
                "ref": null,
                "rendered": Object {
                  "instance": null,
                  "key": undefined,
                  "nodeType": "class",
                  "props": Object {
                    "backSpeed": 40,
                    "showCursor": false,
                    "startDelay": 200,
                    "strings": Array [
                      "Welcome to yummy stuff!",
                      "Welcome to where food lives!",
                      "Welcome to book a meal.",
                    ],
                    "typeSpeed": 50,
                  },
                  "ref": null,
                  "rendered": null,
                  "type": [Function],
                },
                "type": "h3",
              },
            ],
            "type": "div",
          },
          "type": "div",
        },
        Object {
          "instance": null,
          "key": undefined,
          "nodeType": "host",
          "props": Object {
            "children": Array [
              <div
                className="col-6"
>
                <Link
                                className="animated fadeInLeft btn btn-primary btn-lg float-right"
                                replace={false}
                                to="/sign-up"
                >
                                Sign Up
                </Link>
</div>,
              <div
                className="col-6"
>
                <Link
                                className="animated fadeInRight btn btn-primary btn-lg float-left"
                                replace={false}
                                to="/login"
                >
                                Log In
                </Link>
</div>,
            ],
            "className": "row mt-md-2 mt-2",
          },
          "ref": null,
          "rendered": Array [
            Object {
              "instance": null,
              "key": undefined,
              "nodeType": "host",
              "props": Object {
                "children": <Link
                  className="animated fadeInLeft btn btn-primary btn-lg float-right"
                  replace={false}
                  to="/sign-up"
>
                  Sign Up
</Link>,
                "className": "col-6",
              },
              "ref": null,
              "rendered": Object {
                "instance": null,
                "key": undefined,
                "nodeType": "class",
                "props": Object {
                  "children": "Sign Up",
                  "className": "animated fadeInLeft btn btn-primary btn-lg float-right",
                  "replace": false,
                  "to": "/sign-up",
                },
                "ref": null,
                "rendered": "Sign Up",
                "type": [Function],
              },
              "type": "div",
            },
            Object {
              "instance": null,
              "key": undefined,
              "nodeType": "host",
              "props": Object {
                "children": <Link
                  className="animated fadeInRight btn btn-primary btn-lg float-left"
                  replace={false}
                  to="/login"
>
                  Log In
</Link>,
                "className": "col-6",
              },
              "ref": null,
              "rendered": Object {
                "instance": null,
                "key": undefined,
                "nodeType": "class",
                "props": Object {
                  "children": "Log In",
                  "className": "animated fadeInRight btn btn-primary btn-lg float-left",
                  "replace": false,
                  "to": "/login",
                },
                "ref": null,
                "rendered": "Log In",
                "type": [Function],
              },
              "type": "div",
            },
          ],
          "type": "div",
        },
      ],
      "type": "nav",
    },
    "type": "header",
  },
  Symbol(enzyme.__nodes__): Array [
    Object {
      "instance": null,
      "key": undefined,
      "nodeType": "host",
      "props": Object {
        "children": <nav
          className="container"
>
          <div
                    className="row pt-md-5 pt-0"
          >
                    <div
                              className="col-12 col-md-8 offset-md-2 pt-0"
                    >
                              <h1
                                        className="animated fadeInUp logo text-flav pb-md-3"
                              >
                                        BAM!
                              </h1>
                              <h3
                                        className="animated fadeInDown text-flav mb-md-4"
                                        id="slogan"
                              >
                                        <ReactTyped
                                                  backSpeed={40}
                                                  showCursor={false}
                                                  startDelay={200}
                                                  strings={
                                                            Array [
                                                                      "Welcome to yummy stuff!",
                                                                      "Welcome to where food lives!",
                                                                      "Welcome to book a meal.",
                                                                    ]
                                                  }
                                                  typeSpeed={50}
                                        />
                              </h3>
                    </div>
          </div>
          <div
                    className="row mt-md-2 mt-2"
          >
                    <div
                              className="col-6"
                    >
                              <Link
                                        className="animated fadeInLeft btn btn-primary btn-lg float-right"
                                        replace={false}
                                        to="/sign-up"
                              >
                                        Sign Up
                              </Link>
                    </div>
                    <div
                              className="col-6"
                    >
                              <Link
                                        className="animated fadeInRight btn btn-primary btn-lg float-left"
                                        replace={false}
                                        to="/login"
                              >
                                        Log In
                              </Link>
                    </div>
          </div>
</nav>,
        "className": "welcome",
      },
      "ref": null,
      "rendered": Object {
        "instance": null,
        "key": undefined,
        "nodeType": "host",
        "props": Object {
          "children": Array [
            <div
              className="row pt-md-5 pt-0"
>
              <div
                            className="col-12 col-md-8 offset-md-2 pt-0"
              >
                            <h1
                                          className="animated fadeInUp logo text-flav pb-md-3"
                            >
                                          BAM!
                            </h1>
                            <h3
                                          className="animated fadeInDown text-flav mb-md-4"
                                          id="slogan"
                            >
                                          <ReactTyped
                                                        backSpeed={40}
                                                        showCursor={false}
                                                        startDelay={200}
                                                        strings={
                                                                      Array [
                                                                                    "Welcome to yummy stuff!",
                                                                                    "Welcome to where food lives!",
                                                                                    "Welcome to book a meal.",
                                                                                  ]
                                                        }
                                                        typeSpeed={50}
                                          />
                            </h3>
              </div>
</div>,
            <div
              className="row mt-md-2 mt-2"
>
              <div
                            className="col-6"
              >
                            <Link
                                          className="animated fadeInLeft btn btn-primary btn-lg float-right"
                                          replace={false}
                                          to="/sign-up"
                            >
                                          Sign Up
                            </Link>
              </div>
              <div
                            className="col-6"
              >
                            <Link
                                          className="animated fadeInRight btn btn-primary btn-lg float-left"
                                          replace={false}
                                          to="/login"
                            >
                                          Log In
                            </Link>
              </div>
</div>,
          ],
          "className": "container",
        },
        "ref": null,
        "rendered": Array [
          Object {
            "instance": null,
            "key": undefined,
            "nodeType": "host",
            "props": Object {
              "children": <div
                className="col-12 col-md-8 offset-md-2 pt-0"
>
                <h1
                                className="animated fadeInUp logo text-flav pb-md-3"
                >
                                BAM!
                </h1>
                <h3
                                className="animated fadeInDown text-flav mb-md-4"
                                id="slogan"
                >
                                <ReactTyped
                                                backSpeed={40}
                                                showCursor={false}
                                                startDelay={200}
                                                strings={
                                                                Array [
                                                                                "Welcome to yummy stuff!",
                                                                                "Welcome to where food lives!",
                                                                                "Welcome to book a meal.",
                                                                              ]
                                                }
                                                typeSpeed={50}
                                />
                </h3>
</div>,
              "className": "row pt-md-5 pt-0",
            },
            "ref": null,
            "rendered": Object {
              "instance": null,
              "key": undefined,
              "nodeType": "host",
              "props": Object {
                "children": Array [
                  <h1
                    className="animated fadeInUp logo text-flav pb-md-3"
>
                    BAM!
</h1>,
                  <h3
                    className="animated fadeInDown text-flav mb-md-4"
                    id="slogan"
>
                    <ReactTyped
                                        backSpeed={40}
                                        showCursor={false}
                                        startDelay={200}
                                        strings={
                                                            Array [
                                                                                "Welcome to yummy stuff!",
                                                                                "Welcome to where food lives!",
                                                                                "Welcome to book a meal.",
                                                                              ]
                                        }
                                        typeSpeed={50}
                    />
</h3>,
                ],
                "className": "col-12 col-md-8 offset-md-2 pt-0",
              },
              "ref": null,
              "rendered": Array [
                Object {
                  "instance": null,
                  "key": undefined,
                  "nodeType": "host",
                  "props": Object {
                    "children": "BAM!",
                    "className": "animated fadeInUp logo text-flav pb-md-3",
                  },
                  "ref": null,
                  "rendered": "BAM!",
                  "type": "h1",
                },
                Object {
                  "instance": null,
                  "key": undefined,
                  "nodeType": "host",
                  "props": Object {
                    "children": <ReactTyped
                      backSpeed={40}
                      showCursor={false}
                      startDelay={200}
                      strings={
                                            Array [
                                                                  "Welcome to yummy stuff!",
                                                                  "Welcome to where food lives!",
                                                                  "Welcome to book a meal.",
                                                                ]
                      }
                      typeSpeed={50}
/>,
                    "className": "animated fadeInDown text-flav mb-md-4",
                    "id": "slogan",
                  },
                  "ref": null,
                  "rendered": Object {
                    "instance": null,
                    "key": undefined,
                    "nodeType": "class",
                    "props": Object {
                      "backSpeed": 40,
                      "showCursor": false,
                      "startDelay": 200,
                      "strings": Array [
                        "Welcome to yummy stuff!",
                        "Welcome to where food lives!",
                        "Welcome to book a meal.",
                      ],
                      "typeSpeed": 50,
                    },
                    "ref": null,
                    "rendered": null,
                    "type": [Function],
                  },
                  "type": "h3",
                },
              ],
              "type": "div",
            },
            "type": "div",
          },
          Object {
            "instance": null,
            "key": undefined,
            "nodeType": "host",
            "props": Object {
              "children": Array [
                <div
                  className="col-6"
>
                  <Link
                                    className="animated fadeInLeft btn btn-primary btn-lg float-right"
                                    replace={false}
                                    to="/sign-up"
                  >
                                    Sign Up
                  </Link>
</div>,
                <div
                  className="col-6"
>
                  <Link
                                    className="animated fadeInRight btn btn-primary btn-lg float-left"
                                    replace={false}
                                    to="/login"
                  >
                                    Log In
                  </Link>
</div>,
              ],
              "className": "row mt-md-2 mt-2",
            },
            "ref": null,
            "rendered": Array [
              Object {
                "instance": null,
                "key": undefined,
                "nodeType": "host",
                "props": Object {
                  "children": <Link
                    className="animated fadeInLeft btn btn-primary btn-lg float-right"
                    replace={false}
                    to="/sign-up"
>
                    Sign Up
</Link>,
                  "className": "col-6",
                },
                "ref": null,
                "rendered": Object {
                  "instance": null,
                  "key": undefined,
                  "nodeType": "class",
                  "props": Object {
                    "children": "Sign Up",
                    "className": "animated fadeInLeft btn btn-primary btn-lg float-right",
                    "replace": false,
                    "to": "/sign-up",
                  },
                  "ref": null,
                  "rendered": "Sign Up",
                  "type": [Function],
                },
                "type": "div",
              },
              Object {
                "instance": null,
                "key": undefined,
                "nodeType": "host",
                "props": Object {
                  "children": <Link
                    className="animated fadeInRight btn btn-primary btn-lg float-left"
                    replace={false}
                    to="/login"
>
                    Log In
</Link>,
                  "className": "col-6",
                },
                "ref": null,
                "rendered": Object {
                  "instance": null,
                  "key": undefined,
                  "nodeType": "class",
                  "props": Object {
                    "children": "Log In",
                    "className": "animated fadeInRight btn btn-primary btn-lg float-left",
                    "replace": false,
                    "to": "/login",
                  },
                  "ref": null,
                  "rendered": "Log In",
                  "type": [Function],
                },
                "type": "div",
              },
            ],
            "type": "div",
          },
        ],
        "type": "nav",
      },
      "type": "header",
    },
  ],
  Symbol(enzyme.__options__): Object {
    "adapter": ReactSixteenAdapter {
      "options": Object {
        "enableComponentDidUpdateOnSetState": true,
      },
    },
  },
}
`;