// Jest Snapshot v1, https://goo.gl/fbAQLP

exports[`<ImageInput /> renders correctly 1`] = `
ShallowWrapper {
  "length": 1,
  Symbol(enzyme.__root__): [Circular],
  Symbol(enzyme.__unrendered__): <ImageInput />,
  Symbol(enzyme.__renderer__): Object {
    "batchedUpdates": [Function],
    "getNode": [Function],
    "render": [Function],
    "simulateEvent": [Function],
    "unmount": [Function],
  },
  Symbol(enzyme.__node__): Object {
    "instance": null,
    "key": undefined,
    "nodeType": "host",
    "props": Object {
      "children": Array [
        <input
          className="d-none"
          onChange={[Function]}
          type="file"
/>,
        <div
          className="prompt"
          onClick={[Function]}
>
          <div
                    className="inner"
          >
                    Click to select image from your files.
          </div>
</div>,
      ],
    },
    "ref": Object {
      "current": null,
    },
    "rendered": Array [
      Object {
        "instance": null,
        "key": undefined,
        "nodeType": "host",
        "props": Object {
          "className": "d-none",
          "onChange": [Function],
          "type": "file",
        },
        "ref": Object {
          "current": null,
        },
        "rendered": null,
        "type": "input",
      },
      Object {
        "instance": null,
        "key": undefined,
        "nodeType": "host",
        "props": Object {
          "children": <div
            className="inner"
>
            Click to select image from your files.
</div>,
          "className": "prompt",
          "onClick": [Function],
        },
        "ref": null,
        "rendered": Object {
          "instance": null,
          "key": undefined,
          "nodeType": "host",
          "props": Object {
            "children": "Click to select image from your files.",
            "className": "inner",
          },
          "ref": null,
          "rendered": "Click to select image from your files.",
          "type": "div",
        },
        "type": "div",
      },
    ],
    "type": "div",
  },
  Symbol(enzyme.__nodes__): Array [
    Object {
      "instance": null,
      "key": undefined,
      "nodeType": "host",
      "props": Object {
        "children": Array [
          <input
            className="d-none"
            onChange={[Function]}
            type="file"
/>,
          <div
            className="prompt"
            onClick={[Function]}
>
            <div
                        className="inner"
            >
                        Click to select image from your files.
            </div>
</div>,
        ],
      },
      "ref": Object {
        "current": null,
      },
      "rendered": Array [
        Object {
          "instance": null,
          "key": undefined,
          "nodeType": "host",
          "props": Object {
            "className": "d-none",
            "onChange": [Function],
            "type": "file",
          },
          "ref": Object {
            "current": null,
          },
          "rendered": null,
          "type": "input",
        },
        Object {
          "instance": null,
          "key": undefined,
          "nodeType": "host",
          "props": Object {
            "children": <div
              className="inner"
>
              Click to select image from your files.
</div>,
            "className": "prompt",
            "onClick": [Function],
          },
          "ref": null,
          "rendered": Object {
            "instance": null,
            "key": undefined,
            "nodeType": "host",
            "props": Object {
              "children": "Click to select image from your files.",
              "className": "inner",
            },
            "ref": null,
            "rendered": "Click to select image from your files.",
            "type": "div",
          },
          "type": "div",
        },
      ],
      "type": "div",
    },
  ],
  Symbol(enzyme.__options__): Object {
    "adapter": ReactSixteenAdapter {
      "options": Object {
        "enableComponentDidUpdateOnSetState": true,
      },
    },
  },
}
`;