// Jest Snapshot v1, https://goo.gl/fbAQLP

exports[`<AccountCreated /> renders correctly 1`] = `
ShallowWrapper {
  "length": 1,
  Symbol(enzyme.__root__): [Circular],
  Symbol(enzyme.__unrendered__): <AccountCreated />,
  Symbol(enzyme.__renderer__): Object {
    "batchedUpdates": [Function],
    "getNode": [Function],
    "render": [Function],
    "simulateEvent": [Function],
    "unmount": [Function],
  },
  Symbol(enzyme.__node__): Object {
    "instance": null,
    "key": undefined,
    "nodeType": "function",
    "props": Object {
      "children": <div
        className="col-12 col-md-6 offset-md-3 col-lg-4 offset-lg-4 text-center card"
        style={
                Object {
                        "minHeight": "280px",
                      }
        }
>
        <h5
                className="text-center mb-3 mt-4"
        >
                Account Created!
        </h5>
        <p
                className="p-2"
        >
                Thank you for signing up with us!
        </p>
        <p
                className="p-2"
        >
                To get started, please check your email to verify it and activate your account.
        </p>
        <Link
                className="btn btn-primary w-50 mx-auto"
                replace={false}
                to="/login"
        >
                Login
        </Link>
</div>,
      "styles": Object {
        "height": "100vh",
        "minHeight": "500px",
      },
    },
    "ref": null,
    "rendered": Object {
      "instance": null,
      "key": undefined,
      "nodeType": "host",
      "props": Object {
        "children": Array [
          <h5
            className="text-center mb-3 mt-4"
>
            Account Created!
</h5>,
          <p
            className="p-2"
>
            Thank you for signing up with us!
</p>,
          <p
            className="p-2"
>
            To get started, please check your email to verify it and activate your account.
</p>,
          <Link
            className="btn btn-primary w-50 mx-auto"
            replace={false}
            to="/login"
>
            Login
</Link>,
        ],
        "className": "col-12 col-md-6 offset-md-3 col-lg-4 offset-lg-4 text-center card",
        "style": Object {
          "minHeight": "280px",
        },
      },
      "ref": null,
      "rendered": Array [
        Object {
          "instance": null,
          "key": undefined,
          "nodeType": "host",
          "props": Object {
            "children": "Account Created!",
            "className": "text-center mb-3 mt-4",
          },
          "ref": null,
          "rendered": "Account Created!",
          "type": "h5",
        },
        Object {
          "instance": null,
          "key": undefined,
          "nodeType": "host",
          "props": Object {
            "children": "Thank you for signing up with us!",
            "className": "p-2",
          },
          "ref": null,
          "rendered": "Thank you for signing up with us!",
          "type": "p",
        },
        Object {
          "instance": null,
          "key": undefined,
          "nodeType": "host",
          "props": Object {
            "children": "To get started, please check your email to verify it and activate your account.",
            "className": "p-2",
          },
          "ref": null,
          "rendered": "To get started, please check your email to verify it and activate your account.",
          "type": "p",
        },
        Object {
          "instance": null,
          "key": undefined,
          "nodeType": "class",
          "props": Object {
            "children": "Login",
            "className": "btn btn-primary w-50 mx-auto",
            "replace": false,
            "to": "/login",
          },
          "ref": null,
          "rendered": "Login",
          "type": [Function],
        },
      ],
      "type": "div",
    },
    "type": [Function],
  },
  Symbol(enzyme.__nodes__): Array [
    Object {
      "instance": null,
      "key": undefined,
      "nodeType": "function",
      "props": Object {
        "children": <div
          className="col-12 col-md-6 offset-md-3 col-lg-4 offset-lg-4 text-center card"
          style={
                    Object {
                              "minHeight": "280px",
                            }
          }
>
          <h5
                    className="text-center mb-3 mt-4"
          >
                    Account Created!
          </h5>
          <p
                    className="p-2"
          >
                    Thank you for signing up with us!
          </p>
          <p
                    className="p-2"
          >
                    To get started, please check your email to verify it and activate your account.
          </p>
          <Link
                    className="btn btn-primary w-50 mx-auto"
                    replace={false}
                    to="/login"
          >
                    Login
          </Link>
</div>,
        "styles": Object {
          "height": "100vh",
          "minHeight": "500px",
        },
      },
      "ref": null,
      "rendered": Object {
        "instance": null,
        "key": undefined,
        "nodeType": "host",
        "props": Object {
          "children": Array [
            <h5
              className="text-center mb-3 mt-4"
>
              Account Created!
</h5>,
            <p
              className="p-2"
>
              Thank you for signing up with us!
</p>,
            <p
              className="p-2"
>
              To get started, please check your email to verify it and activate your account.
</p>,
            <Link
              className="btn btn-primary w-50 mx-auto"
              replace={false}
              to="/login"
>
              Login
</Link>,
          ],
          "className": "col-12 col-md-6 offset-md-3 col-lg-4 offset-lg-4 text-center card",
          "style": Object {
            "minHeight": "280px",
          },
        },
        "ref": null,
        "rendered": Array [
          Object {
            "instance": null,
            "key": undefined,
            "nodeType": "host",
            "props": Object {
              "children": "Account Created!",
              "className": "text-center mb-3 mt-4",
            },
            "ref": null,
            "rendered": "Account Created!",
            "type": "h5",
          },
          Object {
            "instance": null,
            "key": undefined,
            "nodeType": "host",
            "props": Object {
              "children": "Thank you for signing up with us!",
              "className": "p-2",
            },
            "ref": null,
            "rendered": "Thank you for signing up with us!",
            "type": "p",
          },
          Object {
            "instance": null,
            "key": undefined,
            "nodeType": "host",
            "props": Object {
              "children": "To get started, please check your email to verify it and activate your account.",
              "className": "p-2",
            },
            "ref": null,
            "rendered": "To get started, please check your email to verify it and activate your account.",
            "type": "p",
          },
          Object {
            "instance": null,
            "key": undefined,
            "nodeType": "class",
            "props": Object {
              "children": "Login",
              "className": "btn btn-primary w-50 mx-auto",
              "replace": false,
              "to": "/login",
            },
            "ref": null,
            "rendered": "Login",
            "type": [Function],
          },
        ],
        "type": "div",
      },
      "type": [Function],
    },
  ],
  Symbol(enzyme.__options__): Object {
    "adapter": ReactSixteenAdapter {
      "options": Object {
        "enableComponentDidUpdateOnSetState": true,
      },
    },
  },
}
`;