// Jest Snapshot v1, https://goo.gl/fbAQLP

exports[`<Footer /> renders correctly 1`] = `
ShallowWrapper {
  "length": 1,
  Symbol(enzyme.__root__): [Circular],
  Symbol(enzyme.__unrendered__): <Footer />,
  Symbol(enzyme.__renderer__): Object {
    "batchedUpdates": [Function],
    "getNode": [Function],
    "render": [Function],
    "simulateEvent": [Function],
    "unmount": [Function],
  },
  Symbol(enzyme.__node__): Object {
    "instance": null,
    "key": undefined,
    "nodeType": "host",
    "props": Object {
      "children": <p
        className="p-4 m-auto text-center w-50"
>
        Andela Developer Challenge
        <br />
        Made with &lt;3 by Edward Njoroge.
</p>,
      "className": "container-fluid bg-teal patterns mt-5 text-center p-5",
    },
    "ref": null,
    "rendered": Object {
      "instance": null,
      "key": undefined,
      "nodeType": "host",
      "props": Object {
        "children": Array [
          "Andela Developer Challenge",
          <br />,
          "Made with <3 by Edward Njoroge.",
        ],
        "className": "p-4 m-auto text-center w-50",
      },
      "ref": null,
      "rendered": Array [
        "Andela Developer Challenge",
        Object {
          "instance": null,
          "key": undefined,
          "nodeType": "host",
          "props": Object {},
          "ref": null,
          "rendered": null,
          "type": "br",
        },
        "Made with <3 by Edward Njoroge.",
      ],
      "type": "p",
    },
    "type": "footer",
  },
  Symbol(enzyme.__nodes__): Array [
    Object {
      "instance": null,
      "key": undefined,
      "nodeType": "host",
      "props": Object {
        "children": <p
          className="p-4 m-auto text-center w-50"
>
          Andela Developer Challenge
          <br />
          Made with &lt;3 by Edward Njoroge.
</p>,
        "className": "container-fluid bg-teal patterns mt-5 text-center p-5",
      },
      "ref": null,
      "rendered": Object {
        "instance": null,
        "key": undefined,
        "nodeType": "host",
        "props": Object {
          "children": Array [
            "Andela Developer Challenge",
            <br />,
            "Made with <3 by Edward Njoroge.",
          ],
          "className": "p-4 m-auto text-center w-50",
        },
        "ref": null,
        "rendered": Array [
          "Andela Developer Challenge",
          Object {
            "instance": null,
            "key": undefined,
            "nodeType": "host",
            "props": Object {},
            "ref": null,
            "rendered": null,
            "type": "br",
          },
          "Made with <3 by Edward Njoroge.",
        ],
        "type": "p",
      },
      "type": "footer",
    },
  ],
  Symbol(enzyme.__options__): Object {
    "adapter": ReactSixteenAdapter {
      "options": Object {
        "enableComponentDidUpdateOnSetState": true,
      },
    },
  },
}
`;