// Jest Snapshot v1, https://goo.gl/fbAQLP

exports[`<AuthPage /> renders correctly 1`] = `
ShallowWrapper {
  "length": 1,
  Symbol(enzyme.__root__): [Circular],
  Symbol(enzyme.__unrendered__): <AuthPage />,
  Symbol(enzyme.__renderer__): Object {
    "batchedUpdates": [Function],
    "getNode": [Function],
    "render": [Function],
    "simulateEvent": [Function],
    "unmount": [Function],
  },
  Symbol(enzyme.__node__): Object {
    "instance": null,
    "key": undefined,
    "nodeType": "host",
    "props": Object {
      "children": Array [
        <Loading
          change={true}
          color="orange"
          show={undefined}
          showSpinner={true}
/>,
        <section
          className="container login"
>
          <div
                    className="row pt-5"
          >
                    <div
                              className="col-12 text-center"
                    >
                              <h1
                                        className="logo-small text-flav"
                              >
                                        BAM!
                              </h1>
                    </div>
          </div>
          <div
                    className="row mb-5 pl-3 pr-3 p-sm-0"
          />
</section>,
      ],
      "className": "patterns bg-teal",
      "style": Object {},
    },
    "ref": null,
    "rendered": Array [
      Object {
        "instance": null,
        "key": undefined,
        "nodeType": "class",
        "props": Object {
          "change": true,
          "color": "orange",
          "show": undefined,
          "showSpinner": true,
        },
        "ref": null,
        "rendered": null,
        "type": [Function],
      },
      Object {
        "instance": null,
        "key": undefined,
        "nodeType": "host",
        "props": Object {
          "children": Array [
            <div
              className="row pt-5"
>
              <div
                            className="col-12 text-center"
              >
                            <h1
                                          className="logo-small text-flav"
                            >
                                          BAM!
                            </h1>
              </div>
</div>,
            <div
              className="row mb-5 pl-3 pr-3 p-sm-0"
/>,
          ],
          "className": "container login",
        },
        "ref": null,
        "rendered": Array [
          Object {
            "instance": null,
            "key": undefined,
            "nodeType": "host",
            "props": Object {
              "children": <div
                className="col-12 text-center"
>
                <h1
                                className="logo-small text-flav"
                >
                                BAM!
                </h1>
</div>,
              "className": "row pt-5",
            },
            "ref": null,
            "rendered": Object {
              "instance": null,
              "key": undefined,
              "nodeType": "host",
              "props": Object {
                "children": <h1
                  className="logo-small text-flav"
>
                  BAM!
</h1>,
                "className": "col-12 text-center",
              },
              "ref": null,
              "rendered": Object {
                "instance": null,
                "key": undefined,
                "nodeType": "host",
                "props": Object {
                  "children": "BAM!",
                  "className": "logo-small text-flav",
                },
                "ref": null,
                "rendered": "BAM!",
                "type": "h1",
              },
              "type": "div",
            },
            "type": "div",
          },
          Object {
            "instance": null,
            "key": undefined,
            "nodeType": "host",
            "props": Object {
              "children": undefined,
              "className": "row mb-5 pl-3 pr-3 p-sm-0",
            },
            "ref": null,
            "rendered": null,
            "type": "div",
          },
        ],
        "type": "section",
      },
    ],
    "type": "main",
  },
  Symbol(enzyme.__nodes__): Array [
    Object {
      "instance": null,
      "key": undefined,
      "nodeType": "host",
      "props": Object {
        "children": Array [
          <Loading
            change={true}
            color="orange"
            show={undefined}
            showSpinner={true}
/>,
          <section
            className="container login"
>
            <div
                        className="row pt-5"
            >
                        <div
                                    className="col-12 text-center"
                        >
                                    <h1
                                                className="logo-small text-flav"
                                    >
                                                BAM!
                                    </h1>
                        </div>
            </div>
            <div
                        className="row mb-5 pl-3 pr-3 p-sm-0"
            />
</section>,
        ],
        "className": "patterns bg-teal",
        "style": Object {},
      },
      "ref": null,
      "rendered": Array [
        Object {
          "instance": null,
          "key": undefined,
          "nodeType": "class",
          "props": Object {
            "change": true,
            "color": "orange",
            "show": undefined,
            "showSpinner": true,
          },
          "ref": null,
          "rendered": null,
          "type": [Function],
        },
        Object {
          "instance": null,
          "key": undefined,
          "nodeType": "host",
          "props": Object {
            "children": Array [
              <div
                className="row pt-5"
>
                <div
                                className="col-12 text-center"
                >
                                <h1
                                                className="logo-small text-flav"
                                >
                                                BAM!
                                </h1>
                </div>
</div>,
              <div
                className="row mb-5 pl-3 pr-3 p-sm-0"
/>,
            ],
            "className": "container login",
          },
          "ref": null,
          "rendered": Array [
            Object {
              "instance": null,
              "key": undefined,
              "nodeType": "host",
              "props": Object {
                "children": <div
                  className="col-12 text-center"
>
                  <h1
                                    className="logo-small text-flav"
                  >
                                    BAM!
                  </h1>
</div>,
                "className": "row pt-5",
              },
              "ref": null,
              "rendered": Object {
                "instance": null,
                "key": undefined,
                "nodeType": "host",
                "props": Object {
                  "children": <h1
                    className="logo-small text-flav"
>
                    BAM!
</h1>,
                  "className": "col-12 text-center",
                },
                "ref": null,
                "rendered": Object {
                  "instance": null,
                  "key": undefined,
                  "nodeType": "host",
                  "props": Object {
                    "children": "BAM!",
                    "className": "logo-small text-flav",
                  },
                  "ref": null,
                  "rendered": "BAM!",
                  "type": "h1",
                },
                "type": "div",
              },
              "type": "div",
            },
            Object {
              "instance": null,
              "key": undefined,
              "nodeType": "host",
              "props": Object {
                "children": undefined,
                "className": "row mb-5 pl-3 pr-3 p-sm-0",
              },
              "ref": null,
              "rendered": null,
              "type": "div",
            },
          ],
          "type": "section",
        },
      ],
      "type": "main",
    },
  ],
  Symbol(enzyme.__options__): Object {
    "adapter": ReactSixteenAdapter {
      "options": Object {
        "enableComponentDidUpdateOnSetState": true,
      },
    },
  },
}
`;