// Jest Snapshot v1, https://goo.gl/fbAQLP

exports[`<VerifyMail /> renders correctly 1`] = `
ShallowWrapper {
  "length": 1,
  Symbol(enzyme.__root__): [Circular],
  Symbol(enzyme.__unrendered__): <VerifyMail />,
  Symbol(enzyme.__renderer__): Object {
    "batchedUpdates": [Function],
    "getNode": [Function],
    "render": [Function],
    "simulateEvent": [Function],
    "unmount": [Function],
  },
  Symbol(enzyme.__node__): Object {
    "instance": null,
    "key": undefined,
    "nodeType": "function",
    "props": Object {
      "children": <div
        className="col-12 col-md-6 offset-md-3 col-lg-4 offset-lg-4 text-center card"
        style={
                Object {
                        "minHeight": "280px",
                      }
        }
>
        <h5
                className="text-center mb-3 mt-4"
        >
                Email Verification.
        </h5>
        <div>
                <Alert
                        closeAriaLabel="Close"
                        color="danger"
                        fade={true}
                        isOpen={true}
                        tag="div"
                        transition={
                                Object {
                                        "appear": true,
                                        "baseClass": "fade",
                                        "baseClassActive": "show",
                                        "enter": true,
                                        "exit": true,
                                        "in": true,
                                        "mountOnEnter": false,
                                        "onEnter": [Function],
                                        "onEntered": [Function],
                                        "onEntering": [Function],
                                        "onExit": [Function],
                                        "onExited": [Function],
                                        "onExiting": [Function],
                                        "tag": "div",
                                        "timeout": 150,
                                        "unmountOnExit": true,
                                      }
                        }
                >
                         
                        Unknown error. Please try again.
                         
                </Alert>
                <p
                        className="p-2"
                >
                        An error occured while verifying your email account, please try again.
                </p>
        </div>
</div>,
      "loading": false,
      "styles": Object {
        "height": "100vh",
        "minHeight": "500px",
      },
    },
    "ref": null,
    "rendered": Object {
      "instance": null,
      "key": undefined,
      "nodeType": "host",
      "props": Object {
        "children": Array [
          <h5
            className="text-center mb-3 mt-4"
>
            Email Verification.
</h5>,
          <div>
            <Alert
                        closeAriaLabel="Close"
                        color="danger"
                        fade={true}
                        isOpen={true}
                        tag="div"
                        transition={
                                    Object {
                                                "appear": true,
                                                "baseClass": "fade",
                                                "baseClassActive": "show",
                                                "enter": true,
                                                "exit": true,
                                                "in": true,
                                                "mountOnEnter": false,
                                                "onEnter": [Function],
                                                "onEntered": [Function],
                                                "onEntering": [Function],
                                                "onExit": [Function],
                                                "onExited": [Function],
                                                "onExiting": [Function],
                                                "tag": "div",
                                                "timeout": 150,
                                                "unmountOnExit": true,
                                              }
                        }
            >
                         
                        Unknown error. Please try again.
                         
            </Alert>
            <p
                        className="p-2"
            >
                        An error occured while verifying your email account, please try again.
            </p>
</div>,
          undefined,
          false,
        ],
        "className": "col-12 col-md-6 offset-md-3 col-lg-4 offset-lg-4 text-center card",
        "style": Object {
          "minHeight": "280px",
        },
      },
      "ref": null,
      "rendered": Array [
        Object {
          "instance": null,
          "key": undefined,
          "nodeType": "host",
          "props": Object {
            "children": "Email Verification.",
            "className": "text-center mb-3 mt-4",
          },
          "ref": null,
          "rendered": "Email Verification.",
          "type": "h5",
        },
        Object {
          "instance": null,
          "key": undefined,
          "nodeType": "host",
          "props": Object {
            "children": Array [
              <Alert
                closeAriaLabel="Close"
                color="danger"
                fade={true}
                isOpen={true}
                tag="div"
                transition={
                                Object {
                                                "appear": true,
                                                "baseClass": "fade",
                                                "baseClassActive": "show",
                                                "enter": true,
                                                "exit": true,
                                                "in": true,
                                                "mountOnEnter": false,
                                                "onEnter": [Function],
                                                "onEntered": [Function],
                                                "onEntering": [Function],
                                                "onExit": [Function],
                                                "onExited": [Function],
                                                "onExiting": [Function],
                                                "tag": "div",
                                                "timeout": 150,
                                                "unmountOnExit": true,
                                              }
                }
>
                 
                Unknown error. Please try again.
                 
</Alert>,
              <p
                className="p-2"
>
                An error occured while verifying your email account, please try again.
</p>,
            ],
          },
          "ref": null,
          "rendered": Array [
            Object {
              "instance": null,
              "key": undefined,
              "nodeType": "function",
              "props": Object {
                "children": Array [
                  " ",
                  "Unknown error. Please try again.",
                  " ",
                ],
                "closeAriaLabel": "Close",
                "color": "danger",
                "fade": true,
                "isOpen": true,
                "tag": "div",
                "transition": Object {
                  "appear": true,
                  "baseClass": "fade",
                  "baseClassActive": "show",
                  "enter": true,
                  "exit": true,
                  "in": true,
                  "mountOnEnter": false,
                  "onEnter": [Function],
                  "onEntered": [Function],
                  "onEntering": [Function],
                  "onExit": [Function],
                  "onExited": [Function],
                  "onExiting": [Function],
                  "tag": "div",
                  "timeout": 150,
                  "unmountOnExit": true,
                },
              },
              "ref": null,
              "rendered": Array [
                " ",
                "Unknown error. Please try again.",
                " ",
              ],
              "type": [Function],
            },
            Object {
              "instance": null,
              "key": undefined,
              "nodeType": "host",
              "props": Object {
                "children": "An error occured while verifying your email account, please try again.",
                "className": "p-2",
              },
              "ref": null,
              "rendered": "An error occured while verifying your email account, please try again.",
              "type": "p",
            },
          ],
          "type": "div",
        },
        undefined,
        false,
      ],
      "type": "div",
    },
    "type": [Function],
  },
  Symbol(enzyme.__nodes__): Array [
    Object {
      "instance": null,
      "key": undefined,
      "nodeType": "function",
      "props": Object {
        "children": <div
          className="col-12 col-md-6 offset-md-3 col-lg-4 offset-lg-4 text-center card"
          style={
                    Object {
                              "minHeight": "280px",
                            }
          }
>
          <h5
                    className="text-center mb-3 mt-4"
          >
                    Email Verification.
          </h5>
          <div>
                    <Alert
                              closeAriaLabel="Close"
                              color="danger"
                              fade={true}
                              isOpen={true}
                              tag="div"
                              transition={
                                        Object {
                                                  "appear": true,
                                                  "baseClass": "fade",
                                                  "baseClassActive": "show",
                                                  "enter": true,
                                                  "exit": true,
                                                  "in": true,
                                                  "mountOnEnter": false,
                                                  "onEnter": [Function],
                                                  "onEntered": [Function],
                                                  "onEntering": [Function],
                                                  "onExit": [Function],
                                                  "onExited": [Function],
                                                  "onExiting": [Function],
                                                  "tag": "div",
                                                  "timeout": 150,
                                                  "unmountOnExit": true,
                                                }
                              }
                    >
                               
                              Unknown error. Please try again.
                               
                    </Alert>
                    <p
                              className="p-2"
                    >
                              An error occured while verifying your email account, please try again.
                    </p>
          </div>
</div>,
        "loading": false,
        "styles": Object {
          "height": "100vh",
          "minHeight": "500px",
        },
      },
      "ref": null,
      "rendered": Object {
        "instance": null,
        "key": undefined,
        "nodeType": "host",
        "props": Object {
          "children": Array [
            <h5
              className="text-center mb-3 mt-4"
>
              Email Verification.
</h5>,
            <div>
              <Alert
                            closeAriaLabel="Close"
                            color="danger"
                            fade={true}
                            isOpen={true}
                            tag="div"
                            transition={
                                          Object {
                                                        "appear": true,
                                                        "baseClass": "fade",
                                                        "baseClassActive": "show",
                                                        "enter": true,
                                                        "exit": true,
                                                        "in": true,
                                                        "mountOnEnter": false,
                                                        "onEnter": [Function],
                                                        "onEntered": [Function],
                                                        "onEntering": [Function],
                                                        "onExit": [Function],
                                                        "onExited": [Function],
                                                        "onExiting": [Function],
                                                        "tag": "div",
                                                        "timeout": 150,
                                                        "unmountOnExit": true,
                                                      }
                            }
              >
                             
                            Unknown error. Please try again.
                             
              </Alert>
              <p
                            className="p-2"
              >
                            An error occured while verifying your email account, please try again.
              </p>
</div>,
            undefined,
            false,
          ],
          "className": "col-12 col-md-6 offset-md-3 col-lg-4 offset-lg-4 text-center card",
          "style": Object {
            "minHeight": "280px",
          },
        },
        "ref": null,
        "rendered": Array [
          Object {
            "instance": null,
            "key": undefined,
            "nodeType": "host",
            "props": Object {
              "children": "Email Verification.",
              "className": "text-center mb-3 mt-4",
            },
            "ref": null,
            "rendered": "Email Verification.",
            "type": "h5",
          },
          Object {
            "instance": null,
            "key": undefined,
            "nodeType": "host",
            "props": Object {
              "children": Array [
                <Alert
                  closeAriaLabel="Close"
                  color="danger"
                  fade={true}
                  isOpen={true}
                  tag="div"
                  transition={
                                    Object {
                                                      "appear": true,
                                                      "baseClass": "fade",
                                                      "baseClassActive": "show",
                                                      "enter": true,
                                                      "exit": true,
                                                      "in": true,
                                                      "mountOnEnter": false,
                                                      "onEnter": [Function],
                                                      "onEntered": [Function],
                                                      "onEntering": [Function],
                                                      "onExit": [Function],
                                                      "onExited": [Function],
                                                      "onExiting": [Function],
                                                      "tag": "div",
                                                      "timeout": 150,
                                                      "unmountOnExit": true,
                                                    }
                  }
>
                   
                  Unknown error. Please try again.
                   
</Alert>,
                <p
                  className="p-2"
>
                  An error occured while verifying your email account, please try again.
</p>,
              ],
            },
            "ref": null,
            "rendered": Array [
              Object {
                "instance": null,
                "key": undefined,
                "nodeType": "function",
                "props": Object {
                  "children": Array [
                    " ",
                    "Unknown error. Please try again.",
                    " ",
                  ],
                  "closeAriaLabel": "Close",
                  "color": "danger",
                  "fade": true,
                  "isOpen": true,
                  "tag": "div",
                  "transition": Object {
                    "appear": true,
                    "baseClass": "fade",
                    "baseClassActive": "show",
                    "enter": true,
                    "exit": true,
                    "in": true,
                    "mountOnEnter": false,
                    "onEnter": [Function],
                    "onEntered": [Function],
                    "onEntering": [Function],
                    "onExit": [Function],
                    "onExited": [Function],
                    "onExiting": [Function],
                    "tag": "div",
                    "timeout": 150,
                    "unmountOnExit": true,
                  },
                },
                "ref": null,
                "rendered": Array [
                  " ",
                  "Unknown error. Please try again.",
                  " ",
                ],
                "type": [Function],
              },
              Object {
                "instance": null,
                "key": undefined,
                "nodeType": "host",
                "props": Object {
                  "children": "An error occured while verifying your email account, please try again.",
                  "className": "p-2",
                },
                "ref": null,
                "rendered": "An error occured while verifying your email account, please try again.",
                "type": "p",
              },
            ],
            "type": "div",
          },
          undefined,
          false,
        ],
        "type": "div",
      },
      "type": [Function],
    },
  ],
  Symbol(enzyme.__options__): Object {
    "adapter": ReactSixteenAdapter {
      "options": Object {
        "enableComponentDidUpdateOnSetState": true,
      },
    },
  },
}
`;